ARM Linker, RVCT3.1 [Build 934] for uVision [Professional]

================================================================================

Section Cross References

    s3c2440a.o(STACK) refers (Special) to stkheap2.o(.text) for __use_two_region_memory
    s3c2440a.o(HEAP) refers (Special) to stkheap2.o(.text) for __use_two_region_memory
    s3c2440a.o(RESET) refers to s3c2440a.o(STACK) for Stack_Top
    s3c2440a.o(RESET) refers to __main.o(!!!main) for __main
    s3c2440a.o(RESET) refers (Special) to stkheap2.o(.text) for __use_two_region_memory
    s3c2440a.o(.text) refers to s3c2440a.o(HEAP) for Heap_Mem
    s3c2440a.o(.text) refers to s3c2440a.o(STACK) for Stack_Mem
    s3c2440a.o(.text) refers (Special) to stkheap2.o(.text) for __use_two_region_memory
    usbsetup.o(.text) refers to usbmain.o(.text) for DbgPrintf
    usbsetup.o(.text) refers to usblib.o(.text) for RdPktEp0
    usbsetup.o(.text) refers to usbsetup.o(.data) for ep0State
    usbsetup.o(.text) refers to u2440mon.o(.data) for isUsbdSetConfiguration
    usbsetup.o(.text) refers to usbsetup.o(.bss) for descDev
    usbsetup.o(.text) refers to usbsetup.o(.constdata) for .constdata
    profile.o(.text) refers to fflt_noclz.o(x$fpl$fflt) for __aeabi_i2f
    profile.o(.text) refers to f2d.o(x$fpl$f2d) for __aeabi_f2d
    profile.o(.text) refers to dmul.o(x$fpl$dmul) for __aeabi_dmul
    profile.o(.text) refers to d2f.o(x$fpl$d2f) for __aeabi_d2f
    profile.o(.text) refers to profile.o(.data) for .data
    u2440mon.o(.text) refers to 2440lib.o(.text) for Uart_Printf
    u2440mon.o(.text) refers to u2440mon.o(.data) for menuUsed
    u2440mon.o(.text) refers to profile.o(.text) for Timer_InitEx
    u2440mon.o(.text) refers to usbout.o(.text) for ClearEp3OutPktReady
    u2440mon.o(.text) refers to usblib.o(.text) for ConfigEp3DmaMode
    u2440mon.o(.text) refers to f2d.o(x$fpl$f2d) for __aeabi_f2d
    u2440mon.o(.text) refers to fflt_noclz.o(x$fpl$ffltu) for __aeabi_ui2f
    u2440mon.o(.text) refers to fdiv.o(x$fpl$fdiv) for __aeabi_fdiv
    u2440mon.o(.text) refers to ddiv.o(x$fpl$ddiv) for __aeabi_ddiv
    u2440mon.o(.text) refers to d2f.o(x$fpl$d2f) for __aeabi_d2f
    u2440mon.o(.text) refers to usbmain.o(.text) for UsbdMain
    usbin.o(.text) refers to usblib.o(.text) for WrPktEp1
    usbin.o(.text) refers to usbmain.o(.text) for DbgPrintf
    usbin.o(.text) refers to usbin.o(.data) for transferIndex
    usbin.o(.text) refers to usbin.o(.bss) for ep1Buf
    usblib.o(.text) refers to usbsetup.o(.data) for ep0State
    usbmain.o(.text) refers to usbsetup.o(.text) for InitDescriptorTable
    usbmain.o(.text) refers to usblib.o(.text) for ConfigUsbd
    usbmain.o(.text) refers to usbin.o(.text) for PrepareEp1Fifo
    usbmain.o(.text) refers to usbout.o(.text) for Ep3Handler
    usbmain.o(.text) refers to 2440lib.o(.text) for Uart_SendByte
    usbmain.o(.text) refers to usbmain.o(.data) for dbgStrWrPt
    usbmain.o(.text) refers to usbmain.o(.bss) for dbgStrFifo
    usbout.o(.text) refers to usbmain.o(.text) for DbgPrintf
    usbout.o(.text) refers to usblib.o(.text) for RdPktEp3
    usbout.o(.text) refers to 2440lib.o(.text) for Uart_Printf
    usbout.o(.text) refers to u2440mon.o(.data) for checkSum
    2440lib.o(.text) refers to aeabi_sdiv.o(.text) for __aeabi_idivmod
    2440lib.o(.text) refers to dflt_noclz.o(x$fpl$dflt) for __aeabi_i2d
    2440lib.o(.text) refers to ddiv.o(x$fpl$ddiv) for __aeabi_ddiv
    2440lib.o(.text) refers to daddsub_noclz.o(x$fpl$dadd) for __aeabi_dadd
    2440lib.o(.text) refers to dfix.o(x$fpl$dfix) for __aeabi_d2iz
    2440lib.o(.text) refers to 2440lib.o(.data) for .data
    2440lib.o(.text) refers to c89vsprintf.o(.text) for __c89vsprintf
    2440lib.o(.text) refers to strlen.o(.text) for strlen
    2440lib.o(.text) refers to atoi.o(.text) for atoi
    2440lib.o(.text) refers to rt_ctype_table.o(.text) for __rt_ctype_table
    rt_ctype_table.o(.text) refers to rt_locale_intlibspace.o(.text) for __rt_locale
    rt_ctype_table.o(.text) refers to lc_ctype_c.o(locale$$code) for _get_lc_ctype
    atoi.o(.text) refers to rt_errno_addr_intlibspace.o(.text) for __aeabi_errno_addr
    atoi.o(.text) refers to strtol.o(.text) for strtol
    c89vsprintf.o(.text) refers to _printf_char_common.o(.text) for _printf_char_common
    c89vsprintf.o(.text) refers to _sputc.o(.text) for _sputc
    c89vsprintf.o(.text) refers (Special) to _printf_charcount.o(.text) for _printf_charcount
    c89vsprintf.o(.text) refers (Special) to _printf_wctomb.o(.text) for _printf_wctomb
    c89vsprintf.o(.text) refers (Special) to _printf_truncate.o(.text) for _printf_truncate_unsigned
    c89vsprintf.o(.text) refers (Special) to _printf_str.o(.text) for _printf_str
    c89vsprintf.o(.text) refers (Special) to _printf_pad.o(.text) for _printf_pre_padding
    c89vsprintf.o(.text) refers (Special) to _printf_longlong_oct.o(.text) for _printf_longlong_oct
[...]
    __printf.o(.text) refers (Weak) to _printf_str.o(.text) for _printf_str
    __printf.o(.text) refers (Weak) to _printf_charcount.o(.text) for _printf_charcount
    __printf.o(.text) refers (Weak) to _printf_longlong_hex.o(.text) for _printf_longlong_hex
    __printf.o(.text) refers (Weak) to _printf_longlong_oct.o(.text) for _printf_longlong_oct
    __printf.o(.text) refers (Weak) to _printf_longlong_dec.o(.text) for _printf_longlong_dec
    __printf.o(.text) refers (Weak) to _printf_dec.o(.text) for _printf_int_dec
    __printf.o(.text) refers (Weak) to printf1.o(x$fpl$printf1) for _printf_fp_dec
    __printf.o(.text) refers to __printf.o(.constdata) for .constdata
    _printf_intcommon.o(.text) refers (Weak) to _printf_pad.o(.text) for _printf_pre_padding
    _printf_intcommon.o(.text) refers to callvia.o(.text) for __ARM_call_via_r2
    _printf_intcommon.o(.text) refers (Weak) to _printf_pad.o(.text) for _printf_pre_padding
    _printf_intcommon.o(.text) refers (Weak) to _printf_pad.o(.text) for _printf_post_padding
    _printf_fp_dec.o(.text) refers to dtoi.o(i.__support_dtoi) for __support_dtoi
    _printf_fp_dec.o(.text) refers to istatus.o(x$fpl$ieeestatus) for __ieee_status
    _printf_fp_dec.o(.text) refers to bigflt0.o(.text) for _btod_etento
    _printf_fp_dec.o(.text) refers to btod.o(CL$$btod_d2e) for _btod_d2e
    _printf_fp_dec.o(.text) refers to btod.o(CL$$btod_ediv) for _btod_ediv
    _printf_fp_dec.o(.text) refers to btod.o(CL$$btod_emul) for _btod_emul
    _printf_fp_dec.o(.text) refers to lludiv10.o(.text) for _ll_udiv10
    _printf_fp_dec.o(.text) refers to classify.o(i.__mathlib_classify) for __mathlib_classify
    _printf_fp_dec.o(.text) refers to rtudiv10.o(.text) for __rt_udiv10
    _printf_fp_dec.o(.text) refers (Weak) to _printf_pad.o(.text) for _printf_pre_padding
    _printf_fp_dec.o(.text) refers to callvia.o(.text) for __ARM_call_via_r2
    _printf_fp_dec.o(.text) refers (Weak) to _printf_pad.o(.text) for _printf_pre_padding
    _printf_fp_dec.o(.text) refers to rt_locale_intlibspace.o(.text) for __rt_locale
    _printf_fp_dec.o(.text) refers (Weak) to _printf_pad.o(.text) for _printf_post_padding
    _printf_fp_dec.o(.text) refers (Special) to usenofp.o(x$fpl$usenofp) for __I_use_fp
    _printf_fp_dec.o(.text) refers (Special) to lc_numeric_c.o(locale$$code) for _get_lc_numeric
    _printf_outstr_char.o(.text) refers to callvia.o(.text) for __ARM_call_via_r2
    _strtoul.o(.text) refers to _chval.o(.text) for _chval
    _strtoul.o(.text) refers to rt_errno_addr_intlibspace.o(.text) for __aeabi_errno_addr
    _wcrtomb.o(.text) refers to rt_ctype_table.o(.text) for __rt_ctype_table
    _wcrtomb.o(.text) refers to callvia.o(.text) for __ARM_call_via_r3
    exit.o(.text) refers to kernel.o(.text) for __rt_exit
    stkheap1.o(.text) refers to sys_stackheap_outer.o(.text) for __user_setup_stackheap
    stkheap1.o(.text) refers to rt_stackheap_storage_intlibspace.o(.text) for __rt_stackheap_storage
    lib_init.o(.emb_text) refers to no_argv.o(.text) for __ARM_get_argv
    lib_init.o(.text) refers to fpinit.o(x$fpl$fpinit) for _fp_init
    lib_init.o(.text) refers to lib_init.o(.emb_text) for __ARM_argv_veneer
    lib_init.o(.text) refers to rt_locale_intlibspace.o(.text) for __rt_locale
    lib_init.o(.text) refers (Weak) to lc_ctype_c.o(locale$$code) for _get_lc_ctype
    lib_init.o(.text) refers (Weak) to lc_numeric_c.o(locale$$code) for _get_lc_numeric
    retnan.o(x$fpl$retnan) refers to trapv.o(x$fpl$trapveneer) for __fpl_cmpreturn
    retnan.o(x$fpl$retnan) refers (Special) to usenofp.o(x$fpl$usenofp) for __I_use_fp
    bigflt0.o(.text) refers to aeabi_sdiv.o(.text) for __aeabi_idivmod
    bigflt0.o(.text) refers to btod.o(CL$$btod_emul) for _btod_emul
    bigflt0.o(.text) refers to btod.o(CL$$btod_ediv) for _btod_ediv
    bigflt0.o(.text) refers to bigflt0.o(.constdata) for .constdata
    bigflt0.o(.text) refers (Special) to usenofp.o(x$fpl$usenofp) for __I_use_fp
    bigflt0.o(.constdata) refers (Special) to usenofp.o(x$fpl$usenofp) for __I_use_fp
    btod.o(CL$$btod_d2e) refers to btod.o(CL$$btod_d2e_norm_op1) for _d2e_norm_op1
    btod.o(CL$$btod_d2e) refers (Special) to usenofp.o(x$fpl$usenofp) for __I_use_fp
    btod.o(CL$$btod_d2e_norm_op1) refers to btod.o(CL$$btod_d2e_denorm_low) for _d2e_denorm_low
    btod.o(CL$$btod_d2e_norm_op1) refers (Special) to usenofp.o(x$fpl$usenofp) for __I_use_fp
    btod.o(CL$$btod_d2e_denorm_low) refers (Special) to usenofp.o(x$fpl$usenofp) for __I_use_fp
    btod.o(CL$$btod_emul) refers to btod.o(CL$$btod_mult_common) for __btod_mult_common
    btod.o(CL$$btod_emul) refers to btod.o(CL$$btod_e2e) for _e2e
    btod.o(CL$$btod_emul) refers (Special) to usenofp.o(x$fpl$usenofp) for __I_use_fp
    btod.o(CL$$btod_ediv) refers to btod.o(CL$$btod_div_common) for __btod_div_common
    btod.o(CL$$btod_ediv) refers to btod.o(CL$$btod_e2e) for _e2e
    btod.o(CL$$btod_ediv) refers (Special) to usenofp.o(x$fpl$usenofp) for __I_use_fp
    btod.o(CL$$btod_emuld) refers to btod.o(CL$$btod_mult_common) for __btod_mult_common
    btod.o(CL$$btod_emuld) refers to btod.o(CL$$btod_e2d) for _e2d
    btod.o(CL$$btod_emuld) refers (Special) to usenofp.o(x$fpl$usenofp) for __I_use_fp
    btod.o(CL$$btod_edivd) refers to btod.o(CL$$btod_div_common) for __btod_div_common
    btod.o(CL$$btod_edivd) refers to btod.o(CL$$btod_e2d) for _e2d
    btod.o(CL$$btod_edivd) refers (Special) to usenofp.o(x$fpl$usenofp) for __I_use_fp
    btod.o(CL$$btod_e2e) refers (Special) to usenofp.o(x$fpl$usenofp) for __I_use_fp
    btod.o(CL$$btod_e2d) refers to btod.o(CL$$btod_e2e) for _e2e
    btod.o(CL$$btod_e2d) refers (Special) to usenofp.o(x$fpl$usenofp) for __I_use_fp
    btod.o(CL$$btod_mult_common) refers (Special) to usenofp.o(x$fpl$usenofp) for __I_use_fp
    btod.o(CL$$btod_div_common) refers (Special) to usenofp.o(x$fpl$usenofp) for __I_use_fp
    lc_numeric_c.o(locale$$code) refers to strcmp.o(.text) for strcmp
    lc_numeric_c.o(locale$$code) refers to lc_numeric_c.o(locale$$data) for __lcnum_c_name
    defsig_fpe_outer.o(.text) refers to defsig_fpe_inner.o(.text) for __rt_SIGFPE_inner
    defsig_fpe_outer.o(.text) refers to defsig_exit.o(.text) for __sig_exit
    defsig_fpe_formal.o(.text) refers to rt_raise.o(.text) for __rt_raise
    defsig_fpe_formal.o(.text) refers (Special) to defsig_fpe_inner.o(.text) for __rt_SIGFPE_inner
    _get_argv.o(.text) refers to heapext.o(.text) for __heap_extend
    _get_argv.o(.text) refers to defsig_rtmem_outer.o(.text) for __rt_SIGRTMEM
    _get_argv.o(.text) refers to sys_command.o(.text) for _sys_command_string
    _get_argv.o(.text) refers (Special) to hrguard.o(.text) for __heap_region_guard
    trapv.o(x$fpl$trapveneer) refers (Special) to usenofp.o(x$fpl$usenofp) for __I_use_fp
    istatus.o(x$fpl$ieeestatus) refers (Special) to usenofp.o(x$fpl$usenofp) for __I_use_fp
    fpinit.o(x$fpl$fpinit) refers to rt_fp_status_addr_intlibspace.o(.text) for __rt_fp_status_addr
    classify.o(i.__mathlib_classify) refers to fpclassify.o(i.__ARM_fpclassify) for __ARM_fpclassify
    classify.o(i.__mathlib_classify) refers (Special) to usenofp.o(x$fpl$usenofp) for __I_use_fp
    dtoi.o(i.__support_dtoi) refers to scalbn_noclz.o(x$fpl$scalbn) for __ARM_scalbn
    dtoi.o(i.__support_dtoi) refers (Special) to usenofp.o(x$fpl$usenofp) for __I_use_fp
    sys_command.o(.text) refers (Special) to use_no_semi.o(.text) for __I_use_semihosting
    rt_raise.o(.text) refers to __raise.o(.text) for __raise
    rt_raise.o(.text) refers to sys_exit.o(.text) for _sys_exit
    rt_fp_status_addr.o(.text) refers to rt_fp_status_addr.o(.bss) for __rt_fp_status_addr_data
    rt_fp_status_addr_intlibspace.o(.text) refers to libspace.o(.bss) for __libspace_start
    defsig_exit.o(.text) refers to sys_exit.o(.text) for _sys_exit
    defsig_fpe_inner.o(.text) refers to defsig_general.o(.text) for __default_signal_display
    defsig_rtmem_outer.o(.text) refers to defsig_rtmem_inner.o(.text) for __rt_SIGRTMEM_inner
    defsig_rtmem_outer.o(.text) refers to defsig_exit.o(.text) for __sig_exit
    defsig_rtmem_formal.o(.text) refers to rt_raise.o(.text) for __rt_raise
    defsig_rtmem_formal.o(.text) refers (Special) to defsig_rtmem_inner.o(.text) for __rt_SIGRTMEM_inner
    heapext.o(.text) refers to stkheap2.o(.text) for __rt_heap_extend
    scalbn_noclz.o(x$fpl$scalbnl) refers to scalbn_noclz.o(x$fpl$scalbn) for scalbn
    scalbn_noclz.o(x$fpl$scalbnl) refers (Special) to usenofp.o(x$fpl$usenofp) for __I_use_fp
    scalbn_noclz.o(x$fpl$scalblnl) refers to scalbn_noclz.o(x$fpl$scalbn) for scalbn
    scalbn_noclz.o(x$fpl$scalblnl) refers (Special) to usenofp.o(x$fpl$usenofp) for __I_use_fp
    scalbn_noclz.o(x$fpl$scalbln) refers to scalbn_noclz.o(x$fpl$scalbn) for scalbn
    scalbn_noclz.o(x$fpl$scalbln) refers (Special) to usenofp.o(x$fpl$usenofp) for __I_use_fp
    scalbn_noclz.o(x$fpl$scalbn) refers to dcheck1.o(x$fpl$dcheck1) for __fpl_dcheck_NaN1
    scalbn_noclz.o(x$fpl$scalbn) refers (Special) to usenofp.o(x$fpl$usenofp) for __I_use_fp
    fpclassify.o(i.__ARM_fpclassify) refers (Special) to usenofp.o(x$fpl$usenofp) for __I_use_fp
    __raise.o(.text) refers to defsig.o(CL$$defsig) for __default_signal_handler
    __raise.o(.text) refers to callvia.o(.text) for __ARM_call_via_r2
    defsig_general.o(.text) refers to sys_wrch.o(.text) for _ttywrch
    defsig_rtmem_inner.o(.text) refers to defsig_general.o(.text) for __default_signal_display
    sys_wrch.o(.text) refers (Special) to use_no_semi.o(.text) for __I_use_semihosting
    defsig.o(CL$$defsig) refers (Weak) to defsig_fpe_inner.o(.text) for __rt_SIGFPE_inner
    defsig.o(CL$$defsig) refers (Weak) to defsig_rtmem_inner.o(.text) for __rt_SIGRTMEM_inner


================================================================================

Removing Unused input sections from the image.

    Removing usbout.o(.bss), (64 bytes).

1 unused section(s) (total 64 bytes) removed from the image.

================================================================================

Adding Veneers to the image

    Adding AT veneer (12 bytes, Long) for call to '_printf_fp_dec_real' from printf1.o(x$fpl$printf1).
    Adding TA veneer (8 bytes, Short) for call to '__rt_exit' from exit.o(.text).
    Adding AT veneer (12 bytes, Long) for call to '__rt_lib_shutdown' from kernel.o(.text).
    Adding TA veneer (4 bytes, Inline) for call to '_printf_fp_dec' from __printf.o(.text).
    Adding TA veneer (4 bytes, Inline) for call to '__ieee_status' from _printf_fp_dec.o(.text).
    Adding TA veneer (4 bytes, Inline) for call to '_fp_init' from lib_init.o(.text).
    Adding TA veneer (4 bytes, Inline) for call to '_get_lc_numeric' from lib_init.o(.text).
    Adding TA veneer (4 bytes, Inline) for call to '_get_lc_ctype' from lib_init.o(.text).
    Adding TA veneer (4 bytes, Inline) for call to '__support_dtoi' from _printf_fp_dec.o(.text).
    Adding TA veneer (4 bytes, Inline) for call to '__mathlib_classify' from _printf_fp_dec.o(.text).
    Adding TA veneer (4 bytes, Inline) for call to '_btod_emul' from _printf_fp_dec.o(.text).
    Adding TA veneer (4 bytes, Inline) for call to '_btod_ediv' from _printf_fp_dec.o(.text).
    Adding TA veneer (4 bytes, Inline) for call to '_btod_d2e' from _printf_fp_dec.o(.text).
    Adding AT veneer (8 bytes, Inline) for call to '__rt_lib_init' from kernel.o(.text).
    Adding TA veneer (4 bytes, Inline) for call to '__rt_udiv10' from _printf_dec.o(.text).
    Adding TA veneer (4 bytes, Inline) for call to '_ll_udiv10' from _printf_longlong_dec.o(.text).
    Adding TA veneer (4 bytes, Inline) for call to '__rt_locale' from _printf_fp_dec.o(.text).
    Adding TA veneer (4 bytes, Inline) for call to '__aeabi_errno_addr' from atoi.o(.text).
    Adding TA veneer (4 bytes, Inline) for call to '__aeabi_idivmod' from bigflt0.o(.text).
    Adding AT veneer (8 bytes, Inline) for call to 'strlen' from 2440lib.o(.text).
    Adding AT veneer (8 bytes, Inline) for call to '__c89vsprintf' from 2440lib.o(.text).
    Adding AT veneer (8 bytes, Inline) for call to 'atoi' from 2440lib.o(.text).
    Adding TA veneer (4 bytes, Inline) for call to '__rt_ctype_table' from strtol.o(.text).
    Adding TA veneer (4 bytes, Inline) for call to '__ARM_argv_veneer' from lib_init.o(.text).

24 Veneer(s) (total 132 bytes) added to the image.

================================================================================

Image Symbol Table

    Local Symbols

    Symbol Name                              Value     Ov Type        Size  Object(Section)

    ../../angel/boardlib.s                   0x00000000   Number         0  boardinit1.o ABSOLUTE
    ../../angel/boardlib.s                   0x00000000   Number         0  boardinit2.o ABSOLUTE
    ../../angel/boardlib.s                   0x00000000   Number         0  boardinit3.o ABSOLUTE
    ../../angel/boardlib.s                   0x00000000   Number         0  boardshut.o ABSOLUTE
    ../../angel/boardlib.s                   0x00000000   Number         0  cpuinit.o ABSOLUTE
    ../../angel/handlers.s                   0x00000000   Number         0  __scatter_copy.o ABSOLUTE
    ../../angel/handlers.s                   0x00000000   Number         0  __scatter_zi.o ABSOLUTE
    ../../angel/kernel.s                     0x00000000   Number         0  kernel.o ABSOLUTE
    ../../angel/rt.s                         0x00000000   Number         0  aeabi_idiv0.o ABSOLUTE
    ../../angel/rt.s                         0x00000000   Number         0  aeabi_idiv0_sigfpe.o ABSOLUTE
    ../../angel/rt.s                         0x00000000   Number         0  rt_errno_addr_intlibspace.o ABSOLUTE
    ../../angel/rt.s                         0x00000000   Number         0  rt_div0.o ABSOLUTE
    ../../angel/rt.s                         0x00000000   Number         0  rt_stackheap_storage.o ABSOLUTE
    ../../angel/rt.s                         0x00000000   Number         0  rt_stackheap_storage_intlibspace.o ABSOLUTE
    ../../angel/rt.s                         0x00000000   Number         0  rt_locale.o ABSOLUTE
    ../../angel/rt.s                         0x00000000   Number         0  rt_locale_intlibspace.o ABSOLUTE
    ../../angel/rt.s                         0x00000000   Number         0  rt_fp_status_addr_intlibspace.o ABSOLUTE
    ../../angel/rt.s                         0x00000000   Number         0  rt_fp_status_addr.o ABSOLUTE
    ../../angel/rt.s                         0x00000000   Number         0  rt_raise.o ABSOLUTE
    ../../angel/rt.s                         0x00000000   Number         0  rt_ctype_table.o ABSOLUTE
    ../../angel/rt.s                         0x00000000   Number         0  rt_errno_addr.o ABSOLUTE
    ../../angel/scatter.s                    0x00000000   Number         0  __scatter.o ABSOLUTE
    ../../angel/startup.s                    0x00000000   Number         0  __main.o ABSOLUTE
    ../../angel/sys.s                        0x00000000   Number         0  sys_exit.o ABSOLUTE
    ../../angel/sys.s                        0x00000000   Number         0  libspace.o ABSOLUTE
    ../../angel/sys.s                        0x00000000   Number         0  use_no_semi.o ABSOLUTE
    ../../angel/sys.s                        0x00000000   Number         0  sys_stackheap_outer.o ABSOLUTE
    ../../angel/sysapp.c                     0x00000000   Number         0  sys_command.o ABSOLUTE
    ../../angel/sysapp.c                     0x00000000   Number         0  sys_wrch.o ABSOLUTE
    ../../armsys.c                           0x00000000   Number         0  no_argv.o ABSOLUTE
    ../../armsys.c                           0x00000000   Number         0  lib_init.o ABSOLUTE
    ../../armsys.c                           0x00000000   Number         0  lib_init.o ABSOLUTE
    ../../armsys.c                           0x00000000   Number         0  _get_argv.o ABSOLUTE
    ../../bigflt.c                           0x00000000   Number         0  bigflt0.o ABSOLUTE
    ../../btod.s                             0x00000000   Number         0  btod.o ABSOLUTE
    ../../classify.c                         0x00000000   Number         0  classify.o ABSOLUTE
    ../../d2f.s                              0x00000000   Number         0  d2f.o ABSOLUTE
    ../../daddsub.s                          0x00000000   Number         0  daddsub_noclz.o ABSOLUTE
    ../../dcheck.s                           0x00000000   Number         0  dcheck.o ABSOLUTE
    ../../dcheck1.s                          0x00000000   Number         0  dcheck1.o ABSOLUTE
    ../../ddiv.s                             0x00000000   Number         0  ddiv.o ABSOLUTE
    ../../dfix.s                             0x00000000   Number         0  dfix.o ABSOLUTE
    ../../dflt.s                             0x00000000   Number         0  dflt_noclz.o ABSOLUTE
    ../../division.s                         0x00000000   Number         0  aeabi_sdiv_div0.o ABSOLUTE
    ../../division.s                         0x00000000   Number         0  aeabi_sdiv.o ABSOLUTE
    ../../division.s                         0x00000000   Number         0  rtudiv10.o ABSOLUTE
    ../../divrt.s                            0x00000000   Number         0  divrt_7tdmi.o ABSOLUTE
    ../../divrt.s                            0x00000000   Number         0  divrt_7tdmi_div0.o ABSOLUTE
    ../../dmul.s                             0x00000000   Number         0  dmul.o ABSOLUTE
    ../../dtoi.c                             0x00000000   Number         0  dtoi.o ABSOLUTE
    ../../dunder.s                           0x00000000   Number         0  dunder.o ABSOLUTE
    ../../f2d.s                              0x00000000   Number         0  f2d.o ABSOLUTE
    ../../fcheck.s                           0x00000000   Number         0  fcheck.o ABSOLUTE
    ../../fcheck1.s                          0x00000000   Number         0  fcheck1.o ABSOLUTE
    ../../fdiv.s                             0x00000000   Number         0  fdiv.o ABSOLUTE
    ../../fflt.s                             0x00000000   Number         0  fflt_noclz.o ABSOLUTE
    ../../fnorm2.s                           0x00000000   Number         0  fnorm2_noclz.o ABSOLUTE
    ../../fpclassify.c                       0x00000000   Number         0  fpclassify.o ABSOLUTE
    ../../fpinit.s                           0x00000000   Number         0  fpinit.o ABSOLUTE
    ../../funder.s                           0x00000000   Number         0  funder.o ABSOLUTE
    ../../heapalloc.c                        0x00000000   Number         0  hrguard.o ABSOLUTE
    ../../istatus.s                          0x00000000   Number         0  istatus.o ABSOLUTE
    ../../locale.c                           0x00000000   Number         0  _wcrtomb.o ABSOLUTE
    ../../locale.s                           0x00000000   Number         0  lc_numeric_c.o ABSOLUTE
    ../../locale.s                           0x00000000   Number         0  lc_ctype_c.o ABSOLUTE
    ../../longlong.s                         0x00000000   Number         0  lludiv10.o ABSOLUTE
    ../../memcpset.s                         0x00000000   Number         0  strcmp.o ABSOLUTE
    ../../printf.c                           0x00000000   Number         0  __printf.o ABSOLUTE
    ../../printf.c                           0x00000000   Number         0  _printf_longlong_hex.o ABSOLUTE
    ../../printf.c                           0x00000000   Number         0  _printf_longlong_oct.o ABSOLUTE
    ../../printf.c                           0x00000000   Number         0  _printf_dec.o ABSOLUTE
    ../../printf.c                           0x00000000   Number         0  _printf_longlong_dec.o ABSOLUTE
    ../../printf.c                           0x00000000   Number         0  _printf_charcount.o ABSOLUTE
    ../../printf.c                           0x00000000   Number         0  c89vsprintf.o ABSOLUTE
    ../../printf.c                           0x00000000   Number         0  _printf_pad.o ABSOLUTE
    ../../printf.c                           0x00000000   Number         0  _printf_outstr_char.o ABSOLUTE
    ../../printf.c                           0x00000000   Number         0  _printf_truncate.o ABSOLUTE
    ../../printf.c                           0x00000000   Number         0  _printf_fp_dec.o ABSOLUTE
    ../../printf.c                           0x00000000   Number         0  _printf_str.o ABSOLUTE
    ../../printf.c                           0x00000000   Number         0  _sputc.o ABSOLUTE
    ../../printf.c                           0x00000000   Number         0  _printf_intcommon.o ABSOLUTE
    ../../printf.c                           0x00000000   Number         0  _printf_char_common.o ABSOLUTE
    ../../printf.c                           0x00000000   Number         0  _printf_wctomb.o ABSOLUTE
    ../../printf.c                           0x00000000   Number         0  _printf_input_char.o ABSOLUTE
    ../../printf1.s                          0x00000000   Number         0  printf1.o ABSOLUTE
    ../../retnan.s                           0x00000000   Number         0  retnan.o ABSOLUTE
    ../../scalbn.s                           0x00000000   Number         0  scalbn_noclz.o ABSOLUTE
    ../../scanf.c                            0x00000000   Number         0  atoi.o ABSOLUTE
    ../../scanf.c                            0x00000000   Number         0  _chval.o ABSOLUTE
    ../../scanf.c                            0x00000000   Number         0  strtol.o ABSOLUTE
    ../../scanf.c                            0x00000000   Number         0  _strtoul.o ABSOLUTE
    ../../signal.c                           0x00000000   Number         0  defsig_fpe_outer.o ABSOLUTE
    ../../signal.c                           0x00000000   Number         0  defsig_fpe_formal.o ABSOLUTE
    ../../signal.c                           0x00000000   Number         0  __raise.o ABSOLUTE
    ../../signal.c                           0x00000000   Number         0  defsig_general.o ABSOLUTE
    ../../signal.c                           0x00000000   Number         0  defsig_rtmem_inner.o ABSOLUTE
    ../../signal.c                           0x00000000   Number         0  defsig_fpe_inner.o ABSOLUTE
    ../../signal.c                           0x00000000   Number         0  defsig_rtmem_formal.o ABSOLUTE
    ../../signal.c                           0x00000000   Number         0  defsig_rtmem_outer.o ABSOLUTE
    ../../signal.c                           0x00000000   Number         0  defsig_exit.o ABSOLUTE
    ../../signal.s                           0x00000000   Number         0  defsig.o ABSOLUTE
    ../../stdlib.c                           0x00000000   Number         0  exit.o ABSOLUTE
    ../../stkheap.s                          0x00000000   Number         0  heapext.o ABSOLUTE
    ../../stkheap1.s                         0x00000000   Number         0  stkheap1.o ABSOLUTE
    ../../stkheap2.s                         0x00000000   Number         0  stkheap2.o ABSOLUTE
    ../../string.c                           0x00000000   Number         0  strlen.o ABSOLUTE
    ../../trapv.s                            0x00000000   Number         0  trapv.o ABSOLUTE
    ../../unhosted.s                         0x00000000   Number         0  callvia.o ABSOLUTE
    ../../usenofp.s                          0x00000000   Number         0  usenofp.o ABSOLUTE
    ..\common\Src\2440lib.c                  0x00000000   Number         0  2440lib.o ABSOLUTE
    ..\common\Src\S3C2440A.s                 0x00000000   Number         0  s3c2440a.o ABSOLUTE
    Src\profile.c                            0x00000000   Number         0  profile.o ABSOLUTE
    Src\u2440mon.c                           0x00000000   Number         0  u2440mon.o ABSOLUTE
    Src\usbin.c                              0x00000000   Number         0  usbin.o ABSOLUTE
    Src\usblib.c                             0x00000000   Number         0  usblib.o ABSOLUTE
    Src\usbmain.c                            0x00000000   Number         0  usbmain.o ABSOLUTE
    Src\usbout.c                             0x00000000   Number         0  usbout.o ABSOLUTE
    Src\usbsetup.c                           0x00000000   Number         0  usbsetup.o ABSOLUTE
    dc.s                                     0x00000000   Number         0  dc.o ABSOLUTE
    RESET                                    0x30000000   Section      344  s3c2440a.o(RESET)
    Undef_Handler                            0x30000064   ARM Code       4  s3c2440a.o(RESET)
    SWI_Handler                              0x30000068   ARM Code       4  s3c2440a.o(RESET)
    PAbt_Handler                             0x3000006c   ARM Code       4  s3c2440a.o(RESET)
    DAbt_Handler                             0x30000070   ARM Code       4  s3c2440a.o(RESET)
    IRQ_Handler                              0x30000074   ARM Code       4  s3c2440a.o(RESET)
    FIQ_Handler                              0x30000078   ARM Code       4  s3c2440a.o(RESET)
    !!!main                                  0x30000158   Section        8  __main.o(!!!main)
    !!!scatter                               0x30000160   Section       60  __scatter.o(!!!scatter)
    !!handler_copy                           0x3000019c   Section       40  __scatter_copy.o(!!handler_copy)
    !!handler_zi                             0x300001c4   Section       44  __scatter_zi.o(!!handler_zi)
    .emb_text                                0x300001f4   Section       16  lib_init.o(.emb_text)
    .text                                    0x30000204   Section       32  s3c2440a.o(.text)
    .text                                    0x30000224   Section     4692  usbsetup.o(.text)
    .text                                    0x30001478   Section      400  profile.o(.text)
    .text                                    0x30001608   Section     3416  u2440mon.o(.text)
    .text                                    0x30002360   Section      328  usbin.o(.text)
    PrintEpiPkt                              0x300023c4   ARM Code      72  usbin.o(.text)
    .text                                    0x300024a8   Section      764  usblib.o(.text)
    .text                                    0x300027a4   Section      528  usbmain.o(.text)
    .text                                    0x300029b4   Section     1240  usbout.o(.text)
    RdPktEp3_CheckSum                        0x300029b4   ARM Code      64  usbout.o(.text)
    .text                                    0x30002e8c   Section     2820  2440lib.o(.text)
    .text                                    0x30003994   Section       24  rt_ctype_table.o(.text)
    .text                                    0x300039b4   Section       30  atoi.o(.text)
    .text                                    0x300039dc   Section       44  c89vsprintf.o(.text)
    .text                                    0x30003a10   Section       72  strlen.o(.text)
    .text                                    0x30003a5c   Section      384  aeabi_sdiv.o(.text)
    __arm_div8                               0x30003a88   ARM Code       0  aeabi_sdiv.o(.text)
    __arm_div4                               0x30003ab8   ARM Code       0  aeabi_sdiv.o(.text)
    __arm_div_large                          0x30003b0c   ARM Code       0  aeabi_sdiv.o(.text)
    .text                                    0x30003bdc   Section       64  stkheap2.o(.text)
    .text                                    0x30003c1c   Section      104  kernel.o(.text)
    .text                                    0x30003c84   Section       96  sys_stackheap_outer.o(.text)
    .text                                    0x30003ce8   Section       16  rt_errno_addr_intlibspace.o(.text)
    .text                                    0x30003cf8   Section       16  rt_stackheap_storage_intlibspace.o(.text)
    .text                                    0x30003d0c   Section       16  rt_locale_intlibspace.o(.text)
    .text                                    0x30003d1c   Section       84  _printf_pad.o(.text)
    .text                                    0x30003d70   Section       44  _printf_truncate.o(.text)
    .text                                    0x30003d9c   Section       94  _printf_str.o(.text)
    .text                                    0x30003dfc   Section      192  _printf_wctomb.o(.text)
    .text                                    0x30003ebc   Section      204  _printf_longlong_hex.o(.text)
    .text                                    0x30003f88   Section      148  _printf_longlong_oct.o(.text)
    .text                                    0x3000401c   Section      116  _printf_dec.o(.text)
    .text                                    0x30004090   Section      140  _printf_longlong_dec.o(.text)
    .text                                    0x3000411c   Section       36  _printf_charcount.o(.text)
    .text                                    0x30004140   Section       52  _printf_char_common.o(.text)
    .text                                    0x30004174   Section       10  _sputc.o(.text)
    .text                                    0x30004180   Section      116  strtol.o(.text)
    .text                                    0x300041f4   Section       24  sys_exit.o(.text)
    .text                                    0x3000420c   Section       12  libspace.o(.text)
    .text                                    0x3000421c   Section      160  lludiv10.o(.text)
    .text                                    0x300042bc   Section      760  __printf.o(.text)
    .text                                    0x300045b4   Section      168  _printf_intcommon.o(.text)
    .text                                    0x3000465c   Section     1184  _printf_fp_dec.o(.text)
    _fp_digits                               0x3000465f   Thumb Code   486  _printf_fp_dec.o(.text)
    .text                                    0x30004afc   Section       32  _printf_outstr_char.o(.text)
    .text                                    0x30004b1c   Section       10  _printf_input_char.o(.text)
    .text                                    0x30004b26   Section      166  _strtoul.o(.text)
    .text                                    0x30004bcc   Section       74  _wcrtomb.o(.text)
    .text                                    0x30004c16   Section       12  exit.o(.text)
    .text                                    0x30004c24   Section      160  strcmp.o(.text)
    .text                                    0x30004cc8   Section       44  rtudiv10.o(.text)
    .text                                    0x30004cfc   Section      206  lib_init.o(.text)
    .text                                    0x30004dcc   Section       12  boardinit2.o(.text)
    .text                                    0x30004dd8   Section       16  boardinit3.o(.text)
    .text                                    0x30004de8   Section       16  callvia.o(.text)
    .text                                    0x30004df8   Section        4  use_no_semi.o(.text)
    .text                                    0x30004dfc   Section      200  bigflt0.o(.text)
    .text                                    0x30004ec4   Section       34  _chval.o(.text)
    .text                                    0x30004ee6   Section        6  no_argv.o(.text)
    .text                                    0x30004eec   Section       16  rt_fp_status_addr_intlibspace.o(.text)
    CL$$btod_d2e                             0x30004f00   Section       56  btod.o(CL$$btod_d2e)
    CL$$btod_d2e_denorm_low                  0x30004f38   Section       84  btod.o(CL$$btod_d2e_denorm_low)
    CL$$btod_d2e_norm_op1                    0x30004f8c   Section      104  btod.o(CL$$btod_d2e_norm_op1)
    CL$$btod_div_common                      0x30004ff4   Section      844  btod.o(CL$$btod_div_common)
    CL$$btod_e2e                             0x30005340   Section      220  btod.o(CL$$btod_e2e)
    CL$$btod_ediv                            0x30005420   Section       52  btod.o(CL$$btod_ediv)
    CL$$btod_emul                            0x30005458   Section       52  btod.o(CL$$btod_emul)
    CL$$btod_mult_common                     0x3000548c   Section      616  btod.o(CL$$btod_mult_common)
    i.__ARM_fpclassify                       0x30005714   Section       48  fpclassify.o(i.__ARM_fpclassify)
    i.__mathlib_classify                     0x30005748   Section       56  classify.o(i.__mathlib_classify)
    i.__support_dtoi                         0x30005784   Section       96  dtoi.o(i.__support_dtoi)
    locale$$code                             0x300057e8   Section       80  lc_ctype_c.o(locale$$code)
    locale$$code                             0x3000583c   Section       80  lc_numeric_c.o(locale$$code)
    x$fpl$d2f                                0x3000588c   Section      172  d2f.o(x$fpl$d2f)
    x$fpl$dadd                               0x30005938   Section      468  daddsub_noclz.o(x$fpl$dadd)
    _dadd1                                   0x30005948   ARM Code       0  daddsub_noclz.o(x$fpl$dadd)
    x$fpl$dcheck                             0x30005b0c   Section       16  dcheck.o(x$fpl$dcheck)
    x$fpl$dcheck1                            0x30005b1c   Section       16  dcheck1.o(x$fpl$dcheck1)
    x$fpl$ddiv                               0x30005b2c   Section     1216  ddiv.o(x$fpl$ddiv)
    ddiv_entry                               0x30005b30   ARM Code       0  ddiv.o(x$fpl$ddiv)
    x$fpl$dfix                               0x30005fec   Section      176  dfix.o(x$fpl$dfix)
    x$fpl$dflt                               0x3000609c   Section       88  dflt_noclz.o(x$fpl$dflt)
    x$fpl$dmul                               0x300060f4   Section      476  dmul.o(x$fpl$dmul)
    x$fpl$dsub                               0x300062d0   Section      584  daddsub_noclz.o(x$fpl$dsub)
    _dsub1                                   0x300062e0   ARM Code       0  daddsub_noclz.o(x$fpl$dsub)
    x$fpl$dunder                             0x30006518   Section      276  dunder.o(x$fpl$dunder)
    x$fpl$f2d                                0x3000662c   Section      100  f2d.o(x$fpl$f2d)
    x$fpl$fcheck                             0x30006690   Section       12  fcheck.o(x$fpl$fcheck)
    x$fpl$fcheck1                            0x3000669c   Section       12  fcheck1.o(x$fpl$fcheck1)
    x$fpl$fdiv                               0x300066a8   Section      484  fdiv.o(x$fpl$fdiv)
    _fdiv1                                   0x300066a8   ARM Code       0  fdiv.o(x$fpl$fdiv)
    x$fpl$fflt                               0x3000688c   Section       92  fflt_noclz.o(x$fpl$fflt)
    x$fpl$ffltu                              0x300068e8   Section        8  fflt_noclz.o(x$fpl$ffltu)
    x$fpl$fnorm2                             0x300068f0   Section      148  fnorm2_noclz.o(x$fpl$fnorm2)
    x$fpl$fpinit                             0x30006988   Section       24  fpinit.o(x$fpl$fpinit)
    x$fpl$funder                             0x300069a0   Section      144  funder.o(x$fpl$funder)
    x$fpl$ieeestatus                         0x30006a34   Section        8  istatus.o(x$fpl$ieeestatus)
    x$fpl$printf1                            0x30006a40   Section        4  printf1.o(x$fpl$printf1)
    x$fpl$retnan                             0x30006a44   Section      116  retnan.o(x$fpl$retnan)
    x$fpl$scalbn                             0x30006ab8   Section      108  scalbn_noclz.o(x$fpl$scalbn)
    x$fpl$trapveneer                         0x30006b24   Section       60  trapv.o(x$fpl$trapveneer)
    .constdata                               0x30006b60   Section       70  usbsetup.o(.constdata)
    x$fpl$usenofp                            0x30006b60   Number         0  usenofp.o(x$fpl$usenofp)
    descStr0                                 0x30006b60   Data           4  usbsetup.o(.constdata)
    descStr1                                 0x30006b64   Data          22  usbsetup.o(.constdata)
    descStr2                                 0x30006b7a   Data          44  usbsetup.o(.constdata)
    .constdata                               0x30006ba8   Section        8  _printf_wctomb.o(.constdata)
    initial_mbstate@_printf_wctomb_0         0x30006ba8   Data           8  _printf_wctomb.o(.constdata)
    .constdata                               0x30006bb0   Section       34  _printf_longlong_hex.o(.constdata)
    lc_hextab@_printf_longlong_hex_0         0x30006bb0   Data          17  _printf_longlong_hex.o(.constdata)
    uc_hextab@_printf_longlong_hex_1         0x30006bc1   Data          17  _printf_longlong_hex.o(.constdata)
    .constdata                               0x30006bd2   Section       17  __printf.o(.constdata)
    maptable@__printf_0                      0x30006bd2   Data          17  __printf.o(.constdata)
    .constdata                               0x30006be4   Section      148  bigflt0.o(.constdata)
    tenpwrs_x@_btod_etento_0                 0x30006be4   Data          60  bigflt0.o(.constdata)
    tenpwrs_i@_btod_etento_1                 0x30006c20   Data          64  bigflt0.o(.constdata)
    locale$$data                             0x30006c98   Section      272  lc_ctype_c.o(locale$$data)
    __lcctype_c_name                         0x30006c9c   Data           2  lc_ctype_c.o(locale$$data)
    __lcctype_c_start                        0x30006ca4   Data           0  lc_ctype_c.o(locale$$data)
    locale$$data                             0x30006da8   Section       28  lc_numeric_c.o(locale$$data)
    __lcctype_c_end                          0x30006da8   Data           0  lc_ctype_c.o(locale$$data)
    __lcnum_c_name                           0x30006dac   Data           2  lc_numeric_c.o(locale$$data)
    __lcnum_c_start                          0x30006db4   Data           0  lc_numeric_c.o(locale$$data)
    __lcnum_c_point                          0x30006dc0   Data           0  lc_numeric_c.o(locale$$data)
    __lcnum_c_thousands                      0x30006dc2   Data           0  lc_numeric_c.o(locale$$data)
    __lcnum_c_grouping                       0x30006dc3   Data           0  lc_numeric_c.o(locale$$data)
    __lcnum_c_end                            0x30006dc4   Number         0  lc_numeric_c.o(locale$$data)
    .data                                    0x30800000   Section       52  usbsetup.o(.data)
    ep0SubState@Ep0Handler_0                 0x30800004   Data           4  usbsetup.o(.data)
    .data                                    0x30800034   Section        4  profile.o(.data)
    intCount                                 0x30800034   Data           4  profile.o(.data)
    .data                                    0x30800038   Section       52  u2440mon.o(.data)
    .data                                    0x3080006c   Section        4  usbin.o(.data)
    .data                                    0x30800070   Section        8  usbmain.o(.data)
    .data                                    0x30800078   Section       12  2440lib.o(.data)
    delayLoopCount                           0x30800078   Data           4  2440lib.o(.data)
    whichUart                                0x3080007c   Data           4  2440lib.o(.data)
    .bss                                     0x30800084   Section       36  usbsetup.o(.bss)
    .bss                                     0x308000a8   Section       64  usbin.o(.bss)
    .bss                                     0x308000e8   Section     4096  usbmain.o(.bss)
    .bss                                     0x308010e8   Section       96  libspace.o(.bss)
    HEAP                                     0x30801148   Number         0  s3c2440a.o(HEAP)
    STACK                                    0x30801148   Section     1160  s3c2440a.o(STACK)
    Heap_Mem                                 0x30801148   Number         0  s3c2440a.o(HEAP)
    Stack_Mem                                0x30801148   Data        1160  s3c2440a.o(STACK)
    Stack_Top                                0x308015d0   Number         0  s3c2440a.o(STACK)

    Global Symbols

    Symbol Name                              Value     Ov Type        Size  Object(Section)

    BuildAttributes$$THM_ISAv1$ARM_ISAv4$M$S$PE$A:L22$X:L11$S22$IEEE1$IW$USESV6$~STKCKD$USESV7$~SHL$OSPACE$EBA8$STANDARDLIB$REQ8$PRES8$EABIv2 0x00000000   Number         0  anon$$obj.o ABSOLUTE
    __ARM_use_no_argv                        0x00000000   Number         0  u2440mon.o ABSOLUTE
    __ARM_exceptions_init                     - Undefined Weak Reference
    __Heap_DescSize                           - Undefined Weak Reference
    __alloca_initialize                       - Undefined Weak Reference
    __cpp_initialize__aeabi_                  - Undefined Weak Reference
    __cxa_finalize                            - Undefined Weak Reference
    __fpl_infinity                            - Undefined Weak Reference
    __rt_SIGABRT_inner                        - Undefined Weak Reference
    __rt_SIGCPPL_inner                        - Undefined Weak Reference
    __rt_SIGILL_inner                         - Undefined Weak Reference
    __rt_SIGINT_inner                         - Undefined Weak Reference
    __rt_SIGPVFN_inner                        - Undefined Weak Reference
    __rt_SIGRTRED_inner                       - Undefined Weak Reference
    __rt_SIGSEGV_inner                        - Undefined Weak Reference
    __rt_SIGSTAK_inner                        - Undefined Weak Reference
    __rt_SIGTERM_inner                        - Undefined Weak Reference
    __rt_SIGUSR1_inner                        - Undefined Weak Reference
    __rt_SIGUSR2_inner                        - Undefined Weak Reference
    __rt_sigother_inner                       - Undefined Weak Reference
    __sigvec_lookup                           - Undefined Weak Reference
    __user_heap_extend                        - Undefined Weak Reference
    _atexit_init                              - Undefined Weak Reference
    _call_atexit_fns                          - Undefined Weak Reference
    _clock_init                               - Undefined Weak Reference
    _fp_trap_init                             - Undefined Weak Reference
    _get_lc_collate                           - Undefined Weak Reference
    _get_lc_monetary                          - Undefined Weak Reference
    _get_lc_time                              - Undefined Weak Reference
    _getenv_init                              - Undefined Weak Reference
    _handle_redirection                       - Undefined Weak Reference
    _init_alloc                               - Undefined Weak Reference
    _init_user_alloc                          - Undefined Weak Reference
    _initio                                   - Undefined Weak Reference
    _printf_fp_hex                            - Undefined Weak Reference
    _printf_mbtowc                            - Undefined Weak Reference
    _printf_wc                                - Undefined Weak Reference
    _rand_init                                - Undefined Weak Reference
    _signal_init                              - Undefined Weak Reference
    _terminate_user_alloc                     - Undefined Weak Reference
    _terminateio                              - Undefined Weak Reference
    Reset_Handler                            0x30000098   ARM Code       0  s3c2440a.o(RESET)
    __main                                   0x30000158   ARM Code       8  __main.o(!!!main)
    __scatterload                            0x30000160   ARM Code       0  __scatter.o(!!!scatter)
    __scatterload_rt2                        0x30000160   ARM Code      52  __scatter.o(!!!scatter)
    __scatterload_null                       0x30000174   ARM Code       0  __scatter.o(!!!scatter)
    __scatterload_copy                       0x3000019c   ARM Code      40  __scatter_copy.o(!!handler_copy)
    __scatterload_zeroinit                   0x300001c4   ARM Code      44  __scatter_zi.o(!!handler_zi)
    Inline Thumb to ARM Veneer to __ARM_argv_veneer 0x300001f1   Thumb Code     0  lib_init.o(.emb_text)
    __ARM_argv_veneer                        0x300001f4   ARM Code      16  lib_init.o(.emb_text)
    __user_initial_stackheap                 0x30000204   ARM Code       0  s3c2440a.o(.text)
    PrintEp0Pkt                              0x30000224   ARM Code      64  usbsetup.o(.text)
    Ep0Handler                               0x30000264   ARM Code    4208  usbsetup.o(.text)
    InitDescriptorTable                      0x300012d4   ARM Code     420  usbsetup.o(.text)
    IsrWatchdog                              0x30001478   ARM Code     100  profile.o(.text)
    Timer_InitEx                             0x300014dc   ARM Code      92  profile.o(.text)
    Timer_StartEx                            0x30001538   ARM Code      36  profile.o(.text)
    Timer_StopEx                             0x3000155c   ARM Code     144  profile.o(.text)
    Menu                                     0x30001608   ARM Code     488  u2440mon.o(.text)
    WaitDownload                             0x300017f0   ARM Code    1708  u2440mon.o(.text)
    Clk1_Disable                             0x30001e9c   ARM Code      24  u2440mon.o(.text)
    Clk0_Disable                             0x30001eb4   ARM Code      24  u2440mon.o(.text)
    HaltDabort                               0x30001ecc   ARM Code      20  u2440mon.o(.text)
    HaltPabort                               0x30001ee0   ARM Code      20  u2440mon.o(.text)
    HaltSwi                                  0x30001ef4   ARM Code      20  u2440mon.o(.text)
    HaltUndef                                0x30001f08   ARM Code      20  u2440mon.o(.text)
    Isr_Init                                 0x30001f1c   ARM Code     124  u2440mon.o(.text)
    main                                     0x30001f98   ARM Code     752  u2440mon.o(.text)
    ClearMemory                              0x30002288   ARM Code      80  u2440mon.o(.text)
    Clk0_Enable                              0x300022d8   ARM Code      48  u2440mon.o(.text)
    Clk1_Enable                              0x30002308   ARM Code      48  u2440mon.o(.text)
    PrepareEp1Fifo                           0x30002360   ARM Code     100  usbin.o(.text)
    Ep1Handler                               0x3000240c   ARM Code     112  usbin.o(.text)
    ReconfigUsbd                             0x300024a8   ARM Code     272  usblib.o(.text)
    ConfigUsbd                               0x300025b8   ARM Code      36  usblib.o(.text)
    RdPktEp0                                 0x300025dc   ARM Code      36  usblib.o(.text)
    WrPktEp0                                 0x30002600   ARM Code      36  usblib.o(.text)
    WrPktEp1                                 0x30002624   ARM Code      36  usblib.o(.text)
    WrPktEp2                                 0x30002648   ARM Code      36  usblib.o(.text)
    RdPktEp3                                 0x3000266c   ARM Code      36  usblib.o(.text)
    RdPktEp4                                 0x30002690   ARM Code      36  usblib.o(.text)
    ConfigEp3DmaMode                         0x300026b4   ARM Code     160  usblib.o(.text)
    ConfigEp3IntMode                         0x30002754   ARM Code      72  usblib.o(.text)
    UsbdMain                                 0x300027a4   ARM Code      24  usbmain.o(.text)
    DbgPrintf                                0x300027bc   ARM Code       4  usbmain.o(.text)
    IsrUsbd                                  0x300027c0   ARM Code     280  usbmain.o(.text)
    _WrDbgStrFifo                            0x300028d8   ARM Code      60  usbmain.o(.text)
    DbgPrintfLoop                            0x30002914   ARM Code     108  usbmain.o(.text)
    Ep3Handler                               0x300029f4   ARM Code     588  usbout.o(.text)
    IsrDma2                                  0x30002c40   ARM Code     548  usbout.o(.text)
    ClearEp3OutPktReady                      0x30002e64   ARM Code      32  usbout.o(.text)
    Delay                                    0x30002e8c   ARM Code     180  2440lib.o(.text)
    Port_Init                                0x30002f40   ARM Code     160  2440lib.o(.text)
    Uart_Init                                0x30002fe0   ARM Code     500  2440lib.o(.text)
    Uart_Select                              0x300031d4   ARM Code      12  2440lib.o(.text)
    Uart_TxEmpty                             0x300031e0   ARM Code     196  2440lib.o(.text)
    Uart_Getch                               0x300032a4   ARM Code     152  2440lib.o(.text)
    Uart_GetKey                              0x3000333c   ARM Code     164  2440lib.o(.text)
    Uart_SendByte                            0x300033e0   ARM Code     324  2440lib.o(.text)
    Uart_SendString                          0x30003524   ARM Code      40  2440lib.o(.text)
    Uart_Printf                              0x3000354c   ARM Code      56  2440lib.o(.text)
    Uart_GetString                           0x30003584   ARM Code     100  2440lib.o(.text)
    Uart_GetIntNum                           0x300035e8   ARM Code     364  2440lib.o(.text)
    Led_Display                              0x30003754   ARM Code      36  2440lib.o(.text)
    Timer_Start                              0x30003778   ARM Code      56  2440lib.o(.text)
    Timer_Stop                               0x300037b0   ARM Code      32  2440lib.o(.text)
    ChangeMPllValue                          0x300037d0   ARM Code      24  2440lib.o(.text)
    ChangeClockDivider                       0x300037e8   ARM Code     276  2440lib.o(.text)
    ChangeUPllValue                          0x300038fc   ARM Code      24  2440lib.o(.text)
    malloc                                   0x30003914   ARM Code     104  2440lib.o(.text)
    free                                     0x3000397c   ARM Code      12  2440lib.o(.text)
    Inline Thumb to ARM Veneer to __rt_ctype_table 0x30003991   Thumb Code     0  rt_ctype_table.o(.text)
    __rt_ctype_table                         0x30003994   ARM Code      24  rt_ctype_table.o(.text)
    Inline ARM to Thumb Veneer to atoi       0x300039ac   ARM Code       0  atoi.o(.text)
    atoi                                     0x300039b5   Thumb Code    30  atoi.o(.text)
    Inline ARM to Thumb Veneer to __c89vsprintf 0x300039d4   ARM Code       0  c89vsprintf.o(.text)
    __c89vsprintf                            0x300039dd   Thumb Code    38  c89vsprintf.o(.text)
    Inline ARM to Thumb Veneer to strlen     0x30003a08   ARM Code       0  strlen.o(.text)
    strlen                                   0x30003a11   Thumb Code    68  strlen.o(.text)
    Inline Thumb to ARM Veneer to __aeabi_idivmod 0x30003a59   Thumb Code     0  aeabi_sdiv.o(.text)
    __aeabi_idiv                             0x30003a5c   ARM Code       0  aeabi_sdiv.o(.text)
    __aeabi_idivmod                          0x30003a5c   ARM Code     384  aeabi_sdiv.o(.text)
    __use_two_region_memory                  0x30003bdc   ARM Code       4  stkheap2.o(.text)
    __rt_stackheap_init                      0x30003be0   ARM Code      36  stkheap2.o(.text)
    __rt_heap_extend                         0x30003c04   ARM Code      24  stkheap2.o(.text)
    __rt_entry                               0x30003c1c   ARM Code      76  kernel.o(.text)
    __rt_exit                                0x30003c68   ARM Code      20  kernel.o(.text)
    __rt_abort                               0x30003c7c   ARM Code       8  kernel.o(.text)
    __user_setup_stackheap                   0x30003c84   ARM Code      96  sys_stackheap_outer.o(.text)
    Inline Thumb to ARM Veneer to __aeabi_errno_addr 0x30003ce5   Thumb Code     0  rt_errno_addr_intlibspace.o(.text)
    __aeabi_errno_addr                       0x30003ce8   ARM Code      12  rt_errno_addr_intlibspace.o(.text)
    __rt_errno_addr_intlibspace              0x30003ce8   ARM Code       0  rt_errno_addr_intlibspace.o(.text)
    __rt_stackheap_storage                   0x30003cf8   ARM Code      12  rt_stackheap_storage_intlibspace.o(.text)
    Inline Thumb to ARM Veneer to __rt_locale 0x30003d09   Thumb Code     0  rt_locale_intlibspace.o(.text)
    __rt_locale                              0x30003d0c   ARM Code      12  rt_locale_intlibspace.o(.text)
    _printf_pre_padding                      0x30003d1d   Thumb Code    48  _printf_pad.o(.text)
    _printf_post_padding                     0x30003d4d   Thumb Code    36  _printf_pad.o(.text)
    _printf_truncate_signed                  0x30003d71   Thumb Code    22  _printf_truncate.o(.text)
    _printf_truncate_unsigned                0x30003d87   Thumb Code    22  _printf_truncate.o(.text)
    _printf_str                              0x30003d9d   Thumb Code    94  _printf_str.o(.text)
    _printf_wctomb                           0x30003dfd   Thumb Code   188  _printf_wctomb.o(.text)
    _printf_longlong_hex                     0x30003ebd   Thumb Code   182  _printf_longlong_hex.o(.text)
    _printf_longlong_oct                     0x30003f89   Thumb Code   138  _printf_longlong_oct.o(.text)
    _printf_int_dec                          0x3000401d   Thumb Code    98  _printf_dec.o(.text)
    _printf_longlong_dec                     0x30004091   Thumb Code   124  _printf_longlong_dec.o(.text)
    _printf_charcount                        0x3000411d   Thumb Code    36  _printf_charcount.o(.text)
    _printf_char_common                      0x30004141   Thumb Code    44  _printf_char_common.o(.text)
    _sputc                                   0x30004175   Thumb Code    10  _sputc.o(.text)
    strtol                                   0x30004181   Thumb Code   112  strtol.o(.text)
    _sys_exit                                0x300041f4   ARM Code      20  sys_exit.o(.text)
    __user_libspace                          0x3000420c   ARM Code       8  libspace.o(.text)
    __user_perproc_libspace                  0x3000420c   ARM Code       0  libspace.o(.text)
    __user_perthread_libspace                0x3000420c   ARM Code       0  libspace.o(.text)
    Inline Thumb to ARM Veneer to _ll_udiv10 0x30004219   Thumb Code     0  lludiv10.o(.text)
    _ll_udiv10                               0x3000421c   ARM Code     160  lludiv10.o(.text)
    __printf                                 0x300042bd   Thumb Code   748  __printf.o(.text)
    _printf_return_value                     0x300045a9   Thumb Code     2  __printf.o(.text)
    _printf_percent                          0x300045ab   Thumb Code     2  __printf.o(.text)
    _printf_sizespec                         0x300045ad   Thumb Code     2  __printf.o(.text)
    _printf_int_common                       0x300045b5   Thumb Code   168  _printf_intcommon.o(.text)
    __lib_sel_fp_printf                      0x3000465d   Thumb Code     2  _printf_fp_dec.o(.text)
    _printf_fp_dec_real                      0x30004845   Thumb Code   696  _printf_fp_dec.o(.text)
    _printf_outstr_char                      0x30004afd   Thumb Code    32  _printf_outstr_char.o(.text)
    _printf_input_char                       0x30004b1d   Thumb Code    10  _printf_input_char.o(.text)
    _strtoul                                 0x30004b27   Thumb Code   166  _strtoul.o(.text)
    _wcrtomb                                 0x30004bcd   Thumb Code    74  _wcrtomb.o(.text)
    exit                                     0x30004c17   Thumb Code    12  exit.o(.text)
    strcmp                                   0x30004c24   ARM Code     156  strcmp.o(.text)
    Inline Thumb to ARM Veneer to __rt_udiv10 0x30004cc5   Thumb Code     0  rtudiv10.o(.text)
    __rt_udiv10                              0x30004cc8   ARM Code      44  rtudiv10.o(.text)
    Inline ARM to Thumb Veneer to __rt_lib_init 0x30004cf4   ARM Code       0  lib_init.o(.text)
    __rt_lib_init                            0x30004cfd   Thumb Code   184  lib_init.o(.text)
    __rt_lib_shutdown                        0x30004db5   Thumb Code    22  lib_init.o(.text)
    _platform_post_stackheap_init            0x30004dcc   ARM Code      12  boardinit2.o(.text)
    _platform_post_lib_init                  0x30004dd8   ARM Code      16  boardinit3.o(.text)
    __ARM_call_via_r0                        0x30004de9   Thumb Code     2  callvia.o(.text)
    __call_via_r0                            0x30004de9   Thumb Code     0  callvia.o(.text)
    __ARM_call_via_r1                        0x30004deb   Thumb Code     2  callvia.o(.text)
    __call_via_r1                            0x30004deb   Thumb Code     0  callvia.o(.text)
    __ARM_call_via_r2                        0x30004ded   Thumb Code     2  callvia.o(.text)
    __call_via_r2                            0x30004ded   Thumb Code     0  callvia.o(.text)
    __ARM_call_via_r3                        0x30004def   Thumb Code     2  callvia.o(.text)
    __call_via_r3                            0x30004def   Thumb Code     0  callvia.o(.text)
    __ARM_call_via_r4                        0x30004df1   Thumb Code     2  callvia.o(.text)
    __call_via_r4                            0x30004df1   Thumb Code     0  callvia.o(.text)
    __ARM_call_via_r5                        0x30004df3   Thumb Code     2  callvia.o(.text)
    __call_via_r5                            0x30004df3   Thumb Code     0  callvia.o(.text)
    __ARM_call_via_r6                        0x30004df5   Thumb Code     2  callvia.o(.text)
    __call_via_r6                            0x30004df5   Thumb Code     0  callvia.o(.text)
    __ARM_call_via_r7                        0x30004df7   Thumb Code     2  callvia.o(.text)
    __call_via_r7                            0x30004df7   Thumb Code     0  callvia.o(.text)
    __I_use_semihosting                      0x30004df8   ARM Code       0  use_no_semi.o(.text)
    __use_no_semihosting_swi                 0x30004df8   ARM Code       4  use_no_semi.o(.text)
    _btod_etento                             0x30004dfd   Thumb Code   196  bigflt0.o(.text)
    _chval                                   0x30004ec5   Thumb Code    34  _chval.o(.text)
    __ARM_get_argv                           0x30004ee7   Thumb Code     6  no_argv.o(.text)
    __rt_fp_status_addr                      0x30004eec   ARM Code      12  rt_fp_status_addr_intlibspace.o(.text)
    Inline Thumb to ARM Veneer to _btod_d2e  0x30004efd   Thumb Code     0  btod.o(CL$$btod_d2e)
    _btod_d2e                                0x30004f00   ARM Code      56  btod.o(CL$$btod_d2e)
    _d2e_denorm_low                          0x30004f38   ARM Code      84  btod.o(CL$$btod_d2e_denorm_low)
    _d2e_norm_op1                            0x30004f8c   ARM Code     104  btod.o(CL$$btod_d2e_norm_op1)
    __btod_div_common                        0x30004ff4   ARM Code     716  btod.o(CL$$btod_div_common)
    _e2e                                     0x30005340   ARM Code     220  btod.o(CL$$btod_e2e)
    Inline Thumb to ARM Veneer to _btod_ediv 0x3000541d   Thumb Code     0  btod.o(CL$$btod_ediv)
    _btod_ediv                               0x30005420   ARM Code      52  btod.o(CL$$btod_ediv)
    Inline Thumb to ARM Veneer to _btod_emul 0x30005455   Thumb Code     0  btod.o(CL$$btod_emul)
    _btod_emul                               0x30005458   ARM Code      52  btod.o(CL$$btod_emul)
    __btod_mult_common                       0x3000548c   ARM Code     616  btod.o(CL$$btod_mult_common)
    Long ARM to Thumb Veneer to __rt_lib_shutdown 0x300056f4   ARM Code       0  anon$$obj.o(Veneer$$Code)
    Short Thumb to ARM Veneer to __rt_exit   0x30005701   Thumb Code     0  anon$$obj.o(Veneer$$Code)
    Long ARM to Thumb Veneer to _printf_fp_dec_real 0x30005708   ARM Code       0  anon$$obj.o(Veneer$$Code)
    __ARM_fpclassify                         0x30005714   ARM Code      44  fpclassify.o(i.__ARM_fpclassify)
    Inline Thumb to ARM Veneer to __mathlib_classify 0x30005745   Thumb Code     0  classify.o(i.__mathlib_classify)
    __mathlib_classify                       0x30005748   ARM Code      56  classify.o(i.__mathlib_classify)
    Inline Thumb to ARM Veneer to __support_dtoi 0x30005781   Thumb Code     0  dtoi.o(i.__support_dtoi)
    __support_dtoi                           0x30005784   ARM Code      96  dtoi.o(i.__support_dtoi)
    Inline Thumb to ARM Veneer to _get_lc_ctype 0x300057e5   Thumb Code     0  lc_ctype_c.o(locale$$code)
    _get_lc_ctype                            0x300057e8   ARM Code      80  lc_ctype_c.o(locale$$code)
    Inline Thumb to ARM Veneer to _get_lc_numeric 0x30005839   Thumb Code     0  lc_numeric_c.o(locale$$code)
    _get_lc_numeric                          0x3000583c   ARM Code      80  lc_numeric_c.o(locale$$code)
    __aeabi_d2f                              0x3000588c   ARM Code       0  d2f.o(x$fpl$d2f)
    _d2f                                     0x3000588c   ARM Code     168  d2f.o(x$fpl$d2f)
    __fpl_inf_d2f                            0x3000592c   ARM Code       0  d2f.o(x$fpl$d2f)
    __aeabi_dadd                             0x30005938   ARM Code       0  daddsub_noclz.o(x$fpl$dadd)
    _dadd                                    0x30005938   ARM Code     452  daddsub_noclz.o(x$fpl$dadd)
    __fpl_inf_dadd                           0x30005ab4   ARM Code       0  daddsub_noclz.o(x$fpl$dadd)
    __fpl_dcheck_NaN2                        0x30005b0c   ARM Code      12  dcheck.o(x$fpl$dcheck)
    __fpl_dcheck_NaN1                        0x30005b1c   ARM Code      12  dcheck1.o(x$fpl$dcheck1)
    __aeabi_ddiv                             0x30005b2c   ARM Code       0  ddiv.o(x$fpl$ddiv)
    _ddiv                                    0x30005b2c   ARM Code     464  ddiv.o(x$fpl$ddiv)
    __fpl_inf_ddiv                           0x30005cb8   ARM Code       0  ddiv.o(x$fpl$ddiv)
    _ddiv_mantissas                          0x30005cfc   ARM Code     608  ddiv.o(x$fpl$ddiv)
    __aeabi_d2iz                             0x30005fec   ARM Code       0  dfix.o(x$fpl$dfix)
    _dfix                                    0x30005fec   ARM Code     172  dfix.o(x$fpl$dfix)
    __fpl_inf_dfix                           0x3000608c   ARM Code       0  dfix.o(x$fpl$dfix)
    __aeabi_i2d                              0x3000609c   ARM Code       0  dflt_noclz.o(x$fpl$dflt)
    _dflt                                    0x3000609c   ARM Code      88  dflt_noclz.o(x$fpl$dflt)
    __dflt_normalise                         0x300060ac   ARM Code       0  dflt_noclz.o(x$fpl$dflt)
    __aeabi_dmul                             0x300060f4   ARM Code       0  dmul.o(x$fpl$dmul)
    _dmul                                    0x300060f4   ARM Code     460  dmul.o(x$fpl$dmul)
    __fpl_inf_dmul                           0x3000628c   ARM Code       0  dmul.o(x$fpl$dmul)
    __aeabi_dsub                             0x300062d0   ARM Code       0  daddsub_noclz.o(x$fpl$dsub)
    _dsub                                    0x300062d0   ARM Code     572  daddsub_noclz.o(x$fpl$dsub)
    __fpl_inf_dsub                           0x300064c4   ARM Code       0  daddsub_noclz.o(x$fpl$dsub)
    __dunder                                 0x30006518   ARM Code     272  dunder.o(x$fpl$dunder)
    __dunder_d                               0x30006628   ARM Code       4  dunder.o(x$fpl$dunder)
    __aeabi_f2d                              0x3000662c   ARM Code       0  f2d.o(x$fpl$f2d)
    _f2d                                     0x3000662c   ARM Code      96  f2d.o(x$fpl$f2d)
    __fpl_inf_f2d                            0x30006680   ARM Code       0  f2d.o(x$fpl$f2d)
    __fpl_fcheck_NaN2                        0x30006690   ARM Code       8  fcheck.o(x$fpl$fcheck)
    __fpl_fcheck_NaN1                        0x3000669c   ARM Code       8  fcheck1.o(x$fpl$fcheck1)
    __aeabi_fdiv                             0x300066a8   ARM Code       0  fdiv.o(x$fpl$fdiv)
    _fdiv                                    0x300066a8   ARM Code     476  fdiv.o(x$fpl$fdiv)
    __fpl_inf_fdiv                           0x30006844   ARM Code       0  fdiv.o(x$fpl$fdiv)
    __aeabi_i2f                              0x3000688c   ARM Code       0  fflt_noclz.o(x$fpl$fflt)
    _fflt                                    0x3000688c   ARM Code      92  fflt_noclz.o(x$fpl$fflt)
    __fflt_normalise                         0x30006898   ARM Code       0  fflt_noclz.o(x$fpl$fflt)
    __aeabi_ui2f                             0x300068e8   ARM Code       0  fflt_noclz.o(x$fpl$ffltu)
    _ffltu                                   0x300068e8   ARM Code       8  fflt_noclz.o(x$fpl$ffltu)
    __fpl_normalise2                         0x300068f0   ARM Code     148  fnorm2_noclz.o(x$fpl$fnorm2)
    Inline Thumb to ARM Veneer to _fp_init   0x30006985   Thumb Code     0  fpinit.o(x$fpl$fpinit)
    _fp_init                                 0x30006988   ARM Code      24  fpinit.o(x$fpl$fpinit)
    __fplib_config_pureend_doubles           0x30006998   ARM Code       0  fpinit.o(x$fpl$fpinit)
    __funder                                 0x300069a0   ARM Code     140  funder.o(x$fpl$funder)
    __funder_d                               0x30006a2c   ARM Code       4  funder.o(x$fpl$funder)
    Inline Thumb to ARM Veneer to __ieee_status 0x30006a31   Thumb Code     0  istatus.o(x$fpl$ieeestatus)
    __ieee_status                            0x30006a34   ARM Code       8  istatus.o(x$fpl$ieeestatus)
    Inline Thumb to ARM Veneer to _printf_fp_dec 0x30006a3d   Thumb Code     0  printf1.o(x$fpl$printf1)
    _printf_fp_dec                           0x30006a40   ARM Code       4  printf1.o(x$fpl$printf1)
    __fpl_return_NaN                         0x30006a44   ARM Code     116  retnan.o(x$fpl$retnan)
    __ARM_scalbn                             0x30006ab8   ARM Code       0  scalbn_noclz.o(x$fpl$scalbn)
    scalbn                                   0x30006ab8   ARM Code     108  scalbn_noclz.o(x$fpl$scalbn)
    __fpl_inf_scalbn                         0x30006b20   ARM Code       0  scalbn_noclz.o(x$fpl$scalbn)
    __fpl_cmpreturn                          0x30006b24   ARM Code      60  trapv.o(x$fpl$trapveneer)
    __I_use_fp                               0x30006b60   Number         0  usenofp.o(x$fpl$usenofp)
    Region$$Table$$Base                      0x30006c78   Number         0  anon$$obj.o(Region$$Table)
    Region$$Table$$Limit                     0x30006c98   Number         0  anon$$obj.o(Region$$Table)
    __ctype                                  0x30006ca5   Data           0  lc_ctype_c.o(locale$$data)
    Configuration                            0x30800000   Data           1  usbsetup.o(.data)
    Selfpwr                                  0x30800001   Data           1  usbsetup.o(.data)
    ep0State                                 0x30800008   Data           4  usbsetup.o(.data)
    ep0SubState                              0x3080000c   Data           4  usbsetup.o(.data)
    Rwuen                                    0x30800010   Data           1  usbsetup.o(.data)
    AlterSetting                             0x30800011   Data           1  usbsetup.o(.data)
    device_status                            0x30800012   Data           1  usbsetup.o(.data)
    interface_status                         0x30800013   Data           1  usbsetup.o(.data)
    endpoint0_status                         0x30800014   Data           1  usbsetup.o(.data)
    endpoint1_status                         0x30800015   Data           1  usbsetup.o(.data)
    endpoint3_status                         0x30800016   Data           1  usbsetup.o(.data)
    descSetup                                0x30800017   Data           8  usbsetup.o(.data)
    descEndpt0                               0x3080001f   Data           7  usbsetup.o(.data)
    descEndpt1                               0x30800026   Data           7  usbsetup.o(.data)
    ConfigSet                                0x3080002d   Data           1  usbsetup.o(.data)
    InterfaceGet                             0x3080002e   Data           1  usbsetup.o(.data)
    StatusGet                                0x3080002f   Data           5  usbsetup.o(.data)
    restart                                  0x30800038   Data           4  u2440mon.o(.data)
    err                                      0x3080003c   Data           4  u2440mon.o(.data)
    download_run                             0x30800040   Data           4  u2440mon.o(.data)
    menuUsed                                 0x30800044   Data           4  u2440mon.o(.data)
    downloadAddress                          0x30800048   Data           4  u2440mon.o(.data)
    run                                      0x3080004c   Data           4  u2440mon.o(.data)
    downPt                                   0x30800050   Data           4  u2440mon.o(.data)
    downloadFileSize                         0x30800054   Data           4  u2440mon.o(.data)
    checkSum                                 0x30800058   Data           2  u2440mon.o(.data)
    totalDmaCount                            0x3080005c   Data           4  u2440mon.o(.data)
    isUsbdSetConfiguration                   0x30800060   Data           4  u2440mon.o(.data)
    tempDownloadAddress                      0x30800064   Data           4  u2440mon.o(.data)
    consoleNum                               0x30800068   Data           4  u2440mon.o(.data)
    transferIndex                            0x3080006c   Data           4  usbin.o(.data)
    dbgStrRdPt                               0x30800070   Data           4  usbmain.o(.data)
    dbgStrWrPt                               0x30800074   Data           4  usbmain.o(.data)
    mallocPt                                 0x30800080   Data           4  2440lib.o(.data)
    descDev                                  0x30800084   Data          18  usbsetup.o(.bss)
    descConf                                 0x30800096   Data           9  usbsetup.o(.bss)
    descIf                                   0x3080009f   Data           9  usbsetup.o(.bss)
    ep1Buf                                   0x308000a8   Data          64  usbin.o(.bss)
    dbgStrFifo                               0x308000e8   Data        4096  usbmain.o(.bss)
    __libspace_start                         0x308010e8   Data          96  libspace.o(.bss)
    __temporary_stack_top_libspace           0x30801148   Data           0  libspace.o(.bss)


================================================================================

Memory Map of the image

  Image Entry point : 0x30000158

  Load Region LR_ROM1 (Base: 0x30000000, Size: 0x00006e48, Max: 0xffffffff, ABSOLUTE)

    Execution Region ER_ROM1 (Base: 0x30000000, Size: 0x00006dc4, Max: 0x00800000, ABSOLUTE)

    Base Addr    Size         Type   Attr      Idx    E Section Name        Object

    0x30000000   0x00000158   Code   RO            3    RESET               s3c2440a.o
    0x30000158   0x00000008   Code   RO          226  * !!!main             __main.o(c_t.l)
    0x30000160   0x0000003c   Code   RO          471    !!!scatter          __scatter.o(c_t.l)
    0x3000019c   0x00000028   Code   RO          473    !!handler_copy      __scatter_copy.o(c_t.l)
    0x300001c4   0x0000002c   Code   RO          475    !!handler_zi        __scatter_zi.o(c_t.l)
    0x300001f0   0x00000004   Ven    RO          362    .emb_text           lib_init.o(c_t.l)
    0x300001f4   0x00000010   Code   RO          362    .emb_text           lib_init.o(c_t.l)
    0x30000204   0x00000020   Code   RO            4    .text               s3c2440a.o
    0x30000224   0x00001254   Code   RO           12    .text               usbsetup.o
    0x30001478   0x00000190   Code   RO           59    .text               profile.o
    0x30001608   0x00000d58   Code   RO           89    .text               u2440mon.o
    0x30002360   0x00000148   Code   RO          114    .text               usbin.o
    0x300024a8   0x000002fc   Code   RO          135    .text               usblib.o
    0x300027a4   0x00000210   Code   RO          147    .text               usbmain.o
    0x300029b4   0x000004d8   Code   RO          161    .text               usbout.o
    0x30002e8c   0x00000b04   Code   RO          178    .text               2440lib.o
    0x30003990   0x00000004   Ven    RO          200    .text               rt_ctype_table.o(c_t.l)
    0x30003994   0x00000018   Code   RO          200    .text               rt_ctype_table.o(c_t.l)
    0x300039ac   0x00000008   Ven    RO          202    .text               atoi.o(c_t.l)
    0x300039b4   0x0000001e   Code   RO          202    .text               atoi.o(c_t.l)
    0x300039d2   0x00000002   PAD
    0x300039d4   0x00000008   Ven    RO          204    .text               c89vsprintf.o(c_t.l)
    0x300039dc   0x0000002c   Code   RO          204    .text               c89vsprintf.o(c_t.l)
    0x30003a08   0x00000008   Ven    RO          206    .text               strlen.o(c_t.l)
    0x30003a10   0x00000048   Code   RO          206    .text               strlen.o(c_t.l)
    0x30003a58   0x00000004   Ven    RO          208    .text               aeabi_sdiv.o(c_t.l)
    0x30003a5c   0x00000180   Code   RO          208    .text               aeabi_sdiv.o(c_t.l)
    0x30003bdc   0x00000040   Code   RO          224    .text               stkheap2.o(c_t.l)
    0x30003c1c   0x00000068   Code   RO          260    .text               kernel.o(c_t.l)
    0x30003c84   0x00000060   Code   RO          263    .text               sys_stackheap_outer.o(c_t.l)
    0x30003ce4   0x00000004   Ven    RO          272    .text               rt_errno_addr_intlibspace.o(c_t.l)
    0x30003ce8   0x00000010   Code   RO          272    .text               rt_errno_addr_intlibspace.o(c_t.l)
    0x30003cf8   0x00000010   Code   RO          277    .text               rt_stackheap_storage_intlibspace.o(c_t.l)
    0x30003d08   0x00000004   Ven    RO          282    .text               rt_locale_intlibspace.o(c_t.l)
    0x30003d0c   0x00000010   Code   RO          282    .text               rt_locale_intlibspace.o(c_t.l)
    0x30003d1c   0x00000054   Code   RO          284    .text               _printf_pad.o(c_t.l)
    0x30003d70   0x0000002c   Code   RO          286    .text               _printf_truncate.o(c_t.l)
    0x30003d9c   0x0000005e   Code   RO          288    .text               _printf_str.o(c_t.l)
    0x30003dfa   0x00000002   PAD
    0x30003dfc   0x000000c0   Code   RO          290    .text               _printf_wctomb.o(c_t.l)
    0x30003ebc   0x000000cc   Code   RO          293    .text               _printf_longlong_hex.o(c_t.l)
    0x30003f88   0x00000094   Code   RO          296    .text               _printf_longlong_oct.o(c_t.l)
    0x3000401c   0x00000074   Code   RO          298    .text               _printf_dec.o(c_t.l)
    0x30004090   0x0000008c   Code   RO          300    .text               _printf_longlong_dec.o(c_t.l)
    0x3000411c   0x00000024   Code   RO          302    .text               _printf_charcount.o(c_t.l)
    0x30004140   0x00000034   Code   RO          304    .text               _printf_char_common.o(c_t.l)
    0x30004174   0x0000000a   Code   RO          306    .text               _sputc.o(c_t.l)
    0x3000417e   0x00000002   PAD
    0x30004180   0x00000074   Code   RO          308    .text               strtol.o(c_t.l)
    0x300041f4   0x00000018   Code   RO          330    .text               sys_exit.o(c_t.l)
    0x3000420c   0x0000000c   Code   RO          332    .text               libspace.o(c_t.l)
    0x30004218   0x00000004   Ven    RO          337    .text               lludiv10.o(c_t.l)
    0x3000421c   0x000000a0   Code   RO          337    .text               lludiv10.o(c_t.l)
    0x300042bc   0x000002f8   Code   RO          339    .text               __printf.o(c_t.l)
    0x300045b4   0x000000a8   Code   RO          342    .text               _printf_intcommon.o(c_t.l)
    0x3000465c   0x000004a0   Code   RO          344    .text               _printf_fp_dec.o(c_t.l)
    0x30004afc   0x00000020   Code   RO          346    .text               _printf_outstr_char.o(c_t.l)
    0x30004b1c   0x0000000a   Code   RO          348    .text               _printf_input_char.o(c_t.l)
    0x30004b26   0x000000a6   Code   RO          350    .text               _strtoul.o(c_t.l)
    0x30004bcc   0x0000004a   Code   RO          352    .text               _wcrtomb.o(c_t.l)
    0x30004c16   0x0000000c   Code   RO          354    .text               exit.o(c_t.l)
    0x30004c22   0x00000002   PAD
    0x30004c24   0x000000a0   Code   RO          356    .text               strcmp.o(c_t.l)
    0x30004cc4   0x00000004   Ven    RO          358    .text               rtudiv10.o(c_t.l)
    0x30004cc8   0x0000002c   Code   RO          358    .text               rtudiv10.o(c_t.l)
    0x30004cf4   0x00000008   Ven    RO          363    .text               lib_init.o(c_t.l)
    0x30004cfc   0x000000ce   Code   RO          363    .text               lib_init.o(c_t.l)
    0x30004dca   0x00000002   PAD
    0x30004dcc   0x0000000c   Code   RO          368    .text               boardinit2.o(c_t.l)
    0x30004dd8   0x00000010   Code   RO          370    .text               boardinit3.o(c_t.l)
    0x30004de8   0x00000010   Code   RO          376    .text               callvia.o(h_t.l)
    0x30004df8   0x00000004   Code   RO          377    .text               use_no_semi.o(c_t.l)
    0x30004dfc   0x000000c8   Code   RO          379    .text               bigflt0.o(c_t.l)
    0x30004ec4   0x00000022   Code   RO          404    .text               _chval.o(c_t.l)
    0x30004ee6   0x00000006   Code   RO          417    .text               no_argv.o(c_t.l)
    0x30004eec   0x00000010   Code   RO          436    .text               rt_fp_status_addr_intlibspace.o(c_t.l)
    0x30004efc   0x00000004   Ven    RO          382    CL$$btod_d2e        btod.o(c_t.l)
    0x30004f00   0x00000038   Code   RO          382    CL$$btod_d2e        btod.o(c_t.l)
    0x30004f38   0x00000054   Code   RO          384    CL$$btod_d2e_denorm_low  btod.o(c_t.l)
    0x30004f8c   0x00000068   Code   RO          383    CL$$btod_d2e_norm_op1  btod.o(c_t.l)
    0x30004ff4   0x0000034c   Code   RO          392    CL$$btod_div_common  btod.o(c_t.l)
    0x30005340   0x000000dc   Code   RO          389    CL$$btod_e2e        btod.o(c_t.l)
    0x3000541c   0x00000004   Ven    RO          386    CL$$btod_ediv       btod.o(c_t.l)
    0x30005420   0x00000034   Code   RO          386    CL$$btod_ediv       btod.o(c_t.l)
    0x30005454   0x00000004   Ven    RO          385    CL$$btod_emul       btod.o(c_t.l)
    0x30005458   0x00000034   Code   RO          385    CL$$btod_emul       btod.o(c_t.l)
    0x3000548c   0x00000268   Code   RO          391    CL$$btod_mult_common  btod.o(c_t.l)
    0x300056f4   0x0000000c   Ven    RO          498    Veneer$$Code        anon$$obj.o
    0x30005700   0x00000008   Ven    RO          499    Veneer$$Code        anon$$obj.o
    0x30005708   0x0000000c   Ven    RO          500    Veneer$$Code        anon$$obj.o
    0x30005714   0x00000030   Code   RO          458    i.__ARM_fpclassify  fpclassify.o(m_ts.l)
    0x30005744   0x00000004   Ven    RO          425    i.__mathlib_classify  classify.o(m_ts.l)
    0x30005748   0x00000038   Code   RO          425    i.__mathlib_classify  classify.o(m_ts.l)
    0x30005780   0x00000004   Ven    RO          427    i.__support_dtoi    dtoi.o(m_ts.l)
    0x30005784   0x00000060   Code   RO          427    i.__support_dtoi    dtoi.o(m_ts.l)
    0x300057e4   0x00000004   Ven    RO          311    locale$$code        lc_ctype_c.o(c_t.l)
    0x300057e8   0x00000050   Code   RO          311    locale$$code        lc_ctype_c.o(c_t.l)
    0x30005838   0x00000004   Ven    RO          407    locale$$code        lc_numeric_c.o(c_t.l)
    0x3000583c   0x00000050   Code   RO          407    locale$$code        lc_numeric_c.o(c_t.l)
    0x3000588c   0x000000ac   Code   RO          228    x$fpl$d2f           d2f.o(fz_ts.l)
    0x30005938   0x000001d4   Code   RO          230    x$fpl$dadd          daddsub_noclz.o(fz_ts.l)
    0x30005b0c   0x00000010   Code   RO          314    x$fpl$dcheck        dcheck.o(fz_ts.l)
    0x30005b1c   0x00000010   Code   RO          316    x$fpl$dcheck1       dcheck1.o(fz_ts.l)
    0x30005b2c   0x000004c0   Code   RO          237    x$fpl$ddiv          ddiv.o(fz_ts.l)
    0x30005fec   0x000000b0   Code   RO          240    x$fpl$dfix          dfix.o(fz_ts.l)
    0x3000609c   0x00000058   Code   RO          245    x$fpl$dflt          dflt_noclz.o(fz_ts.l)
    0x300060f4   0x000001dc   Code   RO          248    x$fpl$dmul          dmul.o(fz_ts.l)
    0x300062d0   0x00000248   Code   RO          232    x$fpl$dsub          daddsub_noclz.o(fz_ts.l)
    0x30006518   0x00000114   Code   RO          318    x$fpl$dunder        dunder.o(fz_ts.l)
    0x3000662c   0x00000064   Code   RO          250    x$fpl$f2d           f2d.o(fz_ts.l)
    0x30006690   0x0000000c   Code   RO          320    x$fpl$fcheck        fcheck.o(fz_ts.l)
    0x3000669c   0x0000000c   Code   RO          322    x$fpl$fcheck1       fcheck1.o(fz_ts.l)
    0x300066a8   0x000001e4   Code   RO          253    x$fpl$fdiv          fdiv.o(fz_ts.l)
    0x3000688c   0x0000005c   Code   RO          257    x$fpl$fflt          fflt_noclz.o(fz_ts.l)
    0x300068e8   0x00000008   Code   RO          256    x$fpl$ffltu         fflt_noclz.o(fz_ts.l)
    0x300068f0   0x00000094   Code   RO          324    x$fpl$fnorm2        fnorm2_noclz.o(fz_ts.l)
    0x30006984   0x00000004   Ven    RO          423    x$fpl$fpinit        fpinit.o(fz_ts.l)
    0x30006988   0x00000018   Code   RO          423    x$fpl$fpinit        fpinit.o(fz_ts.l)
    0x300069a0   0x00000090   Code   RO          326    x$fpl$funder        funder.o(fz_ts.l)
    0x30006a30   0x00000004   Ven    RO          421    x$fpl$ieeestatus    istatus.o(fz_ts.l)
    0x30006a34   0x00000008   Code   RO          421    x$fpl$ieeestatus    istatus.o(fz_ts.l)
    0x30006a3c   0x00000004   Ven    RO          328    x$fpl$printf1       printf1.o(fz_ts.l)
    0x30006a40   0x00000004   Code   RO          328    x$fpl$printf1       printf1.o(fz_ts.l)
    0x30006a44   0x00000074   Code   RO          374    x$fpl$retnan        retnan.o(fz_ts.l)
    0x30006ab8   0x0000006c   Code   RO          453    x$fpl$scalbn        scalbn_noclz.o(fz_ts.l)
    0x30006b24   0x0000003c   Code   RO          419    x$fpl$trapveneer    trapv.o(fz_ts.l)
    0x30006b60   0x00000000   Code   RO          313    x$fpl$usenofp       usenofp.o(fz_ts.l)
    0x30006b60   0x00000046   Data   RO           14    .constdata          usbsetup.o
    0x30006ba6   0x00000002   PAD
    0x30006ba8   0x00000008   Data   RO          291    .constdata          _printf_wctomb.o(c_t.l)
    0x30006bb0   0x00000022   Data   RO          294    .constdata          _printf_longlong_hex.o(c_t.l)
    0x30006bd2   0x00000011   Data   RO          340    .constdata          __printf.o(c_t.l)
    0x30006be3   0x00000001   PAD
    0x30006be4   0x00000094   Data   RO          380    .constdata          bigflt0.o(c_t.l)
    0x30006c78   0x00000020   Data   RO          470    Region$$Table       anon$$obj.o
    0x30006c98   0x00000110   Data   RO          310    locale$$data        lc_ctype_c.o(c_t.l)
    0x30006da8   0x0000001c   Data   RO          406    locale$$data        lc_numeric_c.o(c_t.l)


    Execution Region RW_RAM1 (Base: 0x30800000, Size: 0x000015d0, Max: 0x00800000, ABSOLUTE)

    Base Addr    Size         Type   Attr      Idx    E Section Name        Object

    0x30800000   0x00000034   Data   RW           13    .data               usbsetup.o
    0x30800034   0x00000004   Data   RW           60    .data               profile.o
    0x30800038   0x00000034   Data   RW           90    .data               u2440mon.o
    0x3080006c   0x00000004   Data   RW          115    .data               usbin.o
    0x30800070   0x00000008   Data   RW          148    .data               usbmain.o
    0x30800078   0x0000000c   Data   RW          179    .data               2440lib.o
    0x30800084   0x00000024   Zero   RW           15    .bss                usbsetup.o
    0x308000a8   0x00000040   Zero   RW          116    .bss                usbin.o
    0x308000e8   0x00001000   Zero   RW          149    .bss                usbmain.o
    0x308010e8   0x00000060   Zero   RW          333    .bss                libspace.o(c_t.l)
    0x30801148   0x00000000   Zero   RW            2    HEAP                s3c2440a.o
    0x30801148   0x00000488   Zero   RW            1    STACK               s3c2440a.o


    Execution Region RW_IRAM1 (Base: 0x40000000, Size: 0x00000000, Max: 0x00001000, ABSOLUTE)

    **** No section assigned to this execution region ****


================================================================================

Image component sizes


      Code (inc. data)   RO Data    RW Data    ZI Data      Debug   Object Name

      2820        112          0         12          0       5095   2440lib.o
       400         28          0          4          0        810   profile.o
       376         88          0          0       1160        648   s3c2440a.o
      3416       1184          0         52          0       4035   u2440mon.o
       328         44          0          4         64       1789   usbin.o
       764          8          0          0          0       2102   usblib.o
       528         52          0          8       4096       1858   usbmain.o
      1240         56          0          0          0       2244   usbout.o
      4692        420         70         52         36      14743   usbsetup.o

    ------------------------------------------------------------------------
     14596       2000        104        132       5356      33324   Object Totals
        32          8         32          0          0          0   (incl. Generated)
         0          0          2          0          0          0   (incl. Padding)

    ------------------------------------------------------------------------

      Code (inc. data)   RO Data    RW Data    ZI Data      Debug   Library Member Name

         8          0          0          0          0          0   __main.o
       760          6         17          0          0          0   __printf.o
        60          8          0          0          0          0   __scatter.o
        40          0          0          0          0          0   __scatter_copy.o
        44          0          0          0          0          0   __scatter_zi.o
        34          0          0          0          0          0   _chval.o
        52          8          0          0          0          0   _printf_char_common.o
        36          0          0          0          0          0   _printf_charcount.o
       116         18          0          0          0          0   _printf_dec.o
      1184         30          0          0          0          0   _printf_fp_dec.o
        10          0          0          0          0          0   _printf_input_char.o
       168          0          0          0          0          0   _printf_intcommon.o
       140         16          0          0          0          0   _printf_longlong_dec.o
       204         22         34          0          0          0   _printf_longlong_hex.o
       148         10          0          0          0          0   _printf_longlong_oct.o
        32          0          0          0          0          0   _printf_outstr_char.o
        84          0          0          0          0          0   _printf_pad.o
        94          0          0          0          0          0   _printf_str.o
        44          0          0          0          0          0   _printf_truncate.o
       192          4          8          0          0          0   _printf_wctomb.o
        10          0          0          0          0          0   _sputc.o
       166          0          0          0          0          0   _strtoul.o
        74          0          0          0          0          0   _wcrtomb.o
       388          0          0          0          0          0   aeabi_sdiv.o
        38          0          0          0          0          0   atoi.o
       200          4        148          0          0          0   bigflt0.o
        12          0          0          0          0          0   boardinit2.o
        16          0          0          0          0          0   boardinit3.o
      2040        128          0          0          0          0   btod.o
        52          6          0          0          0          0   c89vsprintf.o
        16          0          0          0          0          0   callvia.o
        60          0          0          0          0          0   classify.o
       172          4          0          0          0          0   d2f.o
      1052         28          0          0          0          0   daddsub_noclz.o
        16          4          0          0          0          0   dcheck.o
        16          4          0          0          0          0   dcheck1.o
      1216        144          0          0          0          0   ddiv.o
       176          4          0          0          0          0   dfix.o
        88          0          0          0          0          0   dflt_noclz.o
       476         16          0          0          0          0   dmul.o
       100          0          0          0          0          0   dtoi.o
       276          0          0          0          0          0   dunder.o
        12          0          0          0          0          0   exit.o
       100          4          0          0          0          0   f2d.o
        12          4          0          0          0          0   fcheck.o
        12          4          0          0          0          0   fcheck1.o
       484         76          0          0          0          0   fdiv.o
       100          0          0          0          0          0   fflt_noclz.o
       148          0          0          0          0          0   fnorm2_noclz.o
        48          4          0          0          0          0   fpclassify.o
        28          0          0          0          0          0   fpinit.o
       144          0          0          0          0          0   funder.o
        12          0          0          0          0          0   istatus.o
       104          4          0          0          0          0   kernel.o
        84          8        272          0          0          0   lc_ctype_c.o
        84          8         28          0          0          0   lc_numeric_c.o
       234          4          0          0          0          0   lib_init.o
        12          4          0          0         96          0   libspace.o
       164          0          0          0          0          0   lludiv10.o
         6          0          0          0          0          0   no_argv.o
         8          0          0          0          0          0   printf1.o
       116          0          0          0          0          0   retnan.o
        28          4          0          0          0          0   rt_ctype_table.o
        20          4          0          0          0          0   rt_errno_addr_intlibspace.o
        16          4          0          0          0          0   rt_fp_status_addr_intlibspace.o
        20          4          0          0          0          0   rt_locale_intlibspace.o
        16          4          0          0          0          0   rt_stackheap_storage_intlibspace.o
        48          0          0          0          0          0   rtudiv10.o
       108          0          0          0          0          0   scalbn_noclz.o
        64          0          0          0          0          0   stkheap2.o
       160          4          0          0          0          0   strcmp.o
        80          4          0          0          0          0   strlen.o
       116          4          0          0          0          0   strtol.o
        24          8          0          0          0          0   sys_exit.o
        96          0          0          0          0          0   sys_stackheap_outer.o
        60          0          0          0          0          0   trapv.o
         4          0          0          0          0          0   use_no_semi.o
         0          0          0          0          0          0   usenofp.o

    ------------------------------------------------------------------------
     12892        624        508          0         96          0   Library Totals
        10          0          1          0          0          0   (incl. Padding)

    ------------------------------------------------------------------------

      Code (inc. data)   RO Data    RW Data    ZI Data      Debug   Library Name

      7838        328        507          0         96          0   c_t.l
      4820        292          0          0          0          0   fz_ts.l
        16          0          0          0          0          0   h_t.l
       208          4          0          0          0          0   m_ts.l

    ------------------------------------------------------------------------
     12892        624        508          0         96          0   Library Totals

    ------------------------------------------------------------------------

================================================================================


      Code (inc. data)   RO Data    RW Data    ZI Data      Debug   

     27488       2624        612        132       5452      33324   Grand Totals
     27488       2624        612        132       5452      33324   ELF Image Totals
     27488       2624        612        132          0          0   ROM Totals

================================================================================

    Total RO  Size (Code + RO Data)                28100 (  27.44kB)
    Total RW  Size (RW Data + ZI Data)              5584 (   5.45kB)
    Total ROM Size (Code + RO Data + RW Data)      28232 (  27.57kB)

================================================================================

