Build target 'usb_test'
assembling S3C2440A.s...
compiling usbsetup.c...
compiling profile.c...
compiling u2440mon.c...
compiling usbin.c...
compiling usblib.c...
compiling usbmain.c...
compiling usbout.c...
compiling 2440lib.c...
linking...
Program Size: Code=27488 RO-data=612 RW-data=132 ZI-data=5452  
User command #1: c:\Keil\ARM\BIN31\fromelf.exe --bin -o ./Obj/usb_test.bin ./Obj/usb_test.axf
--- Error: User Command terminated, Exit-Code = 1
".\obj\usb_test.axf" - 1 Error(s), 0 Warning(s).
Build target 'usb_test'
assembling S3C2440A.s...
compiling usbsetup.c...
compiling profile.c...
compiling u2440mon.c...
compiling usbin.c...
compiling usblib.c...
compiling usbmain.c...
compiling usbout.c...
compiling 2440lib.c...
linking...
Program Size: Code=27488 RO-data=612 RW-data=132 ZI-data=5452  
User command #1: d:\Keil\ARM\BIN31\fromelf.exe --bin -o ./Obj/usb_test.bin ./Obj/usb_test.axf
".\obj\usb_test.axf" - 0 Error(s), 0 Warning(s).
